{"sliceID":1,"fragment":["putHello :: String -> IO ()","putHello x = putStrLn (\"Hello \" ++ x)"],"usages":[{"reference":{"originalModule":"System.IO"},"usedName":{"valueIdentifier":"putStrLn"},"qualification":null},{"reference":{"originalModule":"Data.List"},"usedName":{"valueOperator":"++"},"qualification":null},{"reference":{"originalModule":"Data.String"},"usedName":{"typeIdentifier":"String"},"qualification":null},{"reference":{"originalModule":"System.IO"},"usedName":{"typeIdentifier":"IO"},"qualification":null}]}