{"sliceID":1,"fragment":["putHello :: String -> IO ()","putHello x = putStrLn (\"Hello \" ++ x)"],"usages":[{"reference":{"originalModule":"System.IO"},"usedName":{"varId":"putStrLn"},"qualification":null},{"reference":{"originalModule":"Data.List"},"usedName":{"varSym":"++"},"qualification":null},{"reference":{"originalModule":"Data.String"},"usedName":{"conId":"String"},"qualification":null},{"reference":{"originalModule":"System.IO"},"usedName":{"conId":"IO"},"qualification":null}]}